--------------------------------------------------------------------------------
Release 14.7 Trace  (lin64)
Copyright (c) 1995-2013 Xilinx, Inc.  All rights reserved.

/opt/Xilinx/14.7/ISE_DS/ISE/bin/lin64/unwrapped/trce -intstyle ise -v 3 -s 2 -n
3 -fastpaths -xml reg1.twx reg1.ncd -o reg1.twr reg1.pcf

Design file:              reg1.ncd
Physical constraint file: reg1.pcf
Device,package,speed:     xc7vx330t,ffg1157,C,-2 (PRODUCTION 1.10 2013-10-13)
Report level:             verbose report

Environment Variable      Effect 
--------------------      ------ 
NONE                      No environment variables were set
--------------------------------------------------------------------------------

INFO:Timing:2698 - No timing constraints found, doing default enumeration.
INFO:Timing:3412 - To improve timing, see the Timing Closure User Guide (UG612).
INFO:Timing:2752 - To get complete path coverage, use the unconstrained paths 
   option. All paths that are not constrained will be reported in the 
   unconstrained paths section(s) of the report.
INFO:Timing:3339 - The clock-to-out numbers in this timing report are based on 
   a 50 Ohm transmission line loading model.  For the details of this model, 
   and for more information on accounting for different loading conditions, 
   please see the device datasheet.



Data Sheet report:
-----------------
All values displayed in nanoseconds (ns)

Setup/Hold to clock clk
---------------+------------+------------+------------+------------+------------------+--------+
               |Max Setup to|  Process   |Max Hold to |  Process   |                  | Clock  |
Source         | clk (edge) |   Corner   | clk (edge) |   Corner   |Internal Clock(s) | Phase  |
---------------+------------+------------+------------+------------+------------------+--------+
data_in_2<0>   |    0.450(R)|      FAST  |    1.837(R)|      SLOW  |clk_BUFGP         |   0.000|
data_in_2<1>   |    0.314(R)|      FAST  |    1.608(R)|      SLOW  |clk_BUFGP         |   0.000|
data_in_2<2>   |    0.230(R)|      FAST  |    1.811(R)|      SLOW  |clk_BUFGP         |   0.000|
data_in_2<3>   |    0.212(R)|      FAST  |    1.811(R)|      SLOW  |clk_BUFGP         |   0.000|
data_in_2<4>   |    0.356(R)|      FAST  |    2.001(R)|      SLOW  |clk_BUFGP         |   0.000|
data_in_2<5>   |    0.368(R)|      FAST  |    2.018(R)|      SLOW  |clk_BUFGP         |   0.000|
data_in_2<6>   |    0.361(R)|      FAST  |    1.980(R)|      SLOW  |clk_BUFGP         |   0.000|
data_in_2<7>   |    0.345(R)|      FAST  |    1.977(R)|      SLOW  |clk_BUFGP         |   0.000|
data_in_2<8>   |    0.223(R)|      FAST  |    1.729(R)|      SLOW  |clk_BUFGP         |   0.000|
data_in_2<9>   |    0.363(R)|      FAST  |    1.752(R)|      SLOW  |clk_BUFGP         |   0.000|
data_in_2<10>  |    0.482(R)|      FAST  |    1.984(R)|      SLOW  |clk_BUFGP         |   0.000|
data_in_2<11>  |    0.278(R)|      FAST  |    1.923(R)|      SLOW  |clk_BUFGP         |   0.000|
data_in_2<12>  |    0.792(R)|      FAST  |    1.844(R)|      SLOW  |clk_BUFGP         |   0.000|
data_in_2<13>  |    0.758(R)|      FAST  |    1.386(R)|      SLOW  |clk_BUFGP         |   0.000|
data_in_2<14>  |    0.610(R)|      FAST  |    1.593(R)|      SLOW  |clk_BUFGP         |   0.000|
data_in_2<15>  |    0.973(R)|      FAST  |    1.513(R)|      SLOW  |clk_BUFGP         |   0.000|
data_in_2<16>  |    0.792(R)|      FAST  |    1.479(R)|      SLOW  |clk_BUFGP         |   0.000|
data_in_2<17>  |    0.485(R)|      FAST  |    1.520(R)|      SLOW  |clk_BUFGP         |   0.000|
data_in_2<18>  |    0.551(R)|      FAST  |    1.530(R)|      SLOW  |clk_BUFGP         |   0.000|
data_in_2<19>  |    0.511(R)|      FAST  |    1.653(R)|      SLOW  |clk_BUFGP         |   0.000|
data_in_2<20>  |    0.348(R)|      FAST  |    1.640(R)|      SLOW  |clk_BUFGP         |   0.000|
data_in_2<21>  |    0.388(R)|      FAST  |    1.634(R)|      SLOW  |clk_BUFGP         |   0.000|
data_in_2<22>  |    0.565(R)|      FAST  |    1.460(R)|      SLOW  |clk_BUFGP         |   0.000|
data_in_2<23>  |    0.401(R)|      FAST  |    1.707(R)|      SLOW  |clk_BUFGP         |   0.000|
data_in_2<24>  |    0.433(R)|      FAST  |    1.487(R)|      SLOW  |clk_BUFGP         |   0.000|
data_in_2<25>  |    0.645(R)|      FAST  |    1.724(R)|      SLOW  |clk_BUFGP         |   0.000|
data_in_2<26>  |    0.521(R)|      FAST  |    1.665(R)|      SLOW  |clk_BUFGP         |   0.000|
data_in_2<27>  |    0.299(R)|      FAST  |    1.481(R)|      SLOW  |clk_BUFGP         |   0.000|
data_in_2<28>  |    0.245(R)|      FAST  |    1.494(R)|      SLOW  |clk_BUFGP         |   0.000|
data_in_2<29>  |    0.674(R)|      FAST  |    1.265(R)|      SLOW  |clk_BUFGP         |   0.000|
data_in_2<30>  |    0.601(R)|      FAST  |    1.567(R)|      SLOW  |clk_BUFGP         |   0.000|
data_in_2<31>  |    0.538(R)|      FAST  |    1.697(R)|      SLOW  |clk_BUFGP         |   0.000|
data_in_2<32>  |    0.482(R)|      FAST  |    1.727(R)|      SLOW  |clk_BUFGP         |   0.000|
data_in_2<33>  |    0.364(R)|      FAST  |    1.633(R)|      SLOW  |clk_BUFGP         |   0.000|
data_in_2<34>  |    0.189(R)|      FAST  |    1.740(R)|      SLOW  |clk_BUFGP         |   0.000|
data_in_2<35>  |    0.270(R)|      FAST  |    1.609(R)|      SLOW  |clk_BUFGP         |   0.000|
data_in_2<36>  |    0.439(R)|      FAST  |    1.580(R)|      SLOW  |clk_BUFGP         |   0.000|
data_in_2<37>  |    0.459(R)|      FAST  |    1.550(R)|      SLOW  |clk_BUFGP         |   0.000|
data_in_2<38>  |    0.324(R)|      FAST  |    1.757(R)|      SLOW  |clk_BUFGP         |   0.000|
data_in_2<39>  |    0.275(R)|      FAST  |    1.668(R)|      SLOW  |clk_BUFGP         |   0.000|
data_in_2<40>  |    0.219(R)|      FAST  |    1.883(R)|      SLOW  |clk_BUFGP         |   0.000|
data_in_2<41>  |    0.329(R)|      FAST  |    1.557(R)|      SLOW  |clk_BUFGP         |   0.000|
data_in_2<42>  |    0.514(R)|      FAST  |    1.760(R)|      SLOW  |clk_BUFGP         |   0.000|
data_in_2<43>  |    0.385(R)|      FAST  |    2.111(R)|      SLOW  |clk_BUFGP         |   0.000|
data_in_2<44>  |    0.230(R)|      FAST  |    1.887(R)|      SLOW  |clk_BUFGP         |   0.000|
data_in_2<45>  |    0.432(R)|      FAST  |    1.452(R)|      SLOW  |clk_BUFGP         |   0.000|
data_in_2<46>  |    0.281(R)|      FAST  |    1.787(R)|      SLOW  |clk_BUFGP         |   0.000|
data_in_2<47>  |    0.592(R)|      FAST  |    1.576(R)|      SLOW  |clk_BUFGP         |   0.000|
data_in_2<48>  |    0.334(R)|      FAST  |    1.618(R)|      SLOW  |clk_BUFGP         |   0.000|
data_in_2<49>  |    0.182(R)|      FAST  |    1.660(R)|      SLOW  |clk_BUFGP         |   0.000|
data_in_2<50>  |    0.411(R)|      FAST  |    1.709(R)|      SLOW  |clk_BUFGP         |   0.000|
data_in_2<51>  |    0.121(R)|      FAST  |    1.860(R)|      SLOW  |clk_BUFGP         |   0.000|
data_in_2<52>  |    0.218(R)|      FAST  |    1.699(R)|      SLOW  |clk_BUFGP         |   0.000|
data_in_2<53>  |    0.106(R)|      FAST  |    1.950(R)|      SLOW  |clk_BUFGP         |   0.000|
data_in_2<54>  |    0.109(R)|      FAST  |    1.859(R)|      SLOW  |clk_BUFGP         |   0.000|
data_in_2<55>  |    0.291(R)|      FAST  |    1.856(R)|      SLOW  |clk_BUFGP         |   0.000|
data_in_2<56>  |    0.375(R)|      FAST  |    1.977(R)|      SLOW  |clk_BUFGP         |   0.000|
data_in_2<57>  |    0.211(R)|      FAST  |    1.920(R)|      SLOW  |clk_BUFGP         |   0.000|
data_in_2<58>  |    0.218(R)|      FAST  |    1.881(R)|      SLOW  |clk_BUFGP         |   0.000|
data_in_2<59>  |    0.060(R)|      FAST  |    1.888(R)|      SLOW  |clk_BUFGP         |   0.000|
data_in_2<60>  |    0.111(R)|      FAST  |    1.940(R)|      SLOW  |clk_BUFGP         |   0.000|
data_in_2<61>  |    0.445(R)|      FAST  |    1.339(R)|      SLOW  |clk_BUFGP         |   0.000|
data_in_2<62>  |    0.770(R)|      FAST  |    1.510(R)|      SLOW  |clk_BUFGP         |   0.000|
data_in_2<63>  |    0.752(R)|      FAST  |    1.549(R)|      SLOW  |clk_BUFGP         |   0.000|
data_in_2<64>  |    0.630(R)|      FAST  |    1.810(R)|      SLOW  |clk_BUFGP         |   0.000|
data_in_2<65>  |    0.790(R)|      FAST  |    1.447(R)|      SLOW  |clk_BUFGP         |   0.000|
data_in_2<66>  |    0.784(R)|      FAST  |    1.782(R)|      SLOW  |clk_BUFGP         |   0.000|
data_in_2<67>  |    0.739(R)|      FAST  |    1.782(R)|      SLOW  |clk_BUFGP         |   0.000|
data_in_2<68>  |    0.623(R)|      FAST  |    1.714(R)|      SLOW  |clk_BUFGP         |   0.000|
data_in_2<69>  |    0.868(R)|      FAST  |    1.619(R)|      SLOW  |clk_BUFGP         |   0.000|
data_in_2<70>  |    0.753(R)|      FAST  |    1.727(R)|      SLOW  |clk_BUFGP         |   0.000|
data_in_2<71>  |    0.677(R)|      FAST  |    1.509(R)|      SLOW  |clk_BUFGP         |   0.000|
data_in_2<72>  |    0.318(R)|      FAST  |    1.986(R)|      SLOW  |clk_BUFGP         |   0.000|
data_in_2<73>  |    0.439(R)|      FAST  |    1.905(R)|      SLOW  |clk_BUFGP         |   0.000|
data_in_2<74>  |    0.500(R)|      FAST  |    1.905(R)|      SLOW  |clk_BUFGP         |   0.000|
data_in_2<75>  |    0.331(R)|      FAST  |    1.749(R)|      SLOW  |clk_BUFGP         |   0.000|
data_in_2<76>  |    0.627(R)|      FAST  |    1.798(R)|      SLOW  |clk_BUFGP         |   0.000|
data_in_2<77>  |    0.508(R)|      FAST  |    1.870(R)|      SLOW  |clk_BUFGP         |   0.000|
data_in_2<78>  |    0.355(R)|      FAST  |    1.890(R)|      SLOW  |clk_BUFGP         |   0.000|
data_in_2<79>  |    0.275(R)|      FAST  |    1.875(R)|      SLOW  |clk_BUFGP         |   0.000|
data_in_2<80>  |    0.838(R)|      FAST  |    1.895(R)|      SLOW  |clk_BUFGP         |   0.000|
data_in_2<81>  |    0.452(R)|      FAST  |    2.026(R)|      SLOW  |clk_BUFGP         |   0.000|
data_in_2<82>  |    0.553(R)|      FAST  |    1.999(R)|      SLOW  |clk_BUFGP         |   0.000|
data_in_2<83>  |    0.243(R)|      FAST  |    1.801(R)|      SLOW  |clk_BUFGP         |   0.000|
data_in_2<84>  |    0.388(R)|      FAST  |    1.657(R)|      SLOW  |clk_BUFGP         |   0.000|
data_in_2<85>  |    0.488(R)|      FAST  |    1.701(R)|      SLOW  |clk_BUFGP         |   0.000|
data_in_2<86>  |    0.670(R)|      FAST  |    1.670(R)|      SLOW  |clk_BUFGP         |   0.000|
data_in_2<87>  |    0.638(R)|      FAST  |    1.570(R)|      SLOW  |clk_BUFGP         |   0.000|
data_in_2<88>  |    0.448(R)|      FAST  |    1.968(R)|      SLOW  |clk_BUFGP         |   0.000|
data_in_2<89>  |    0.485(R)|      FAST  |    1.863(R)|      SLOW  |clk_BUFGP         |   0.000|
data_in_2<90>  |    0.429(R)|      FAST  |    1.658(R)|      SLOW  |clk_BUFGP         |   0.000|
data_in_2<91>  |    0.593(R)|      FAST  |    1.728(R)|      SLOW  |clk_BUFGP         |   0.000|
data_in_2<92>  |    0.399(R)|      FAST  |    2.125(R)|      SLOW  |clk_BUFGP         |   0.000|
data_in_2<93>  |    0.127(R)|      FAST  |    1.684(R)|      SLOW  |clk_BUFGP         |   0.000|
data_in_2<94>  |    0.559(R)|      FAST  |    2.111(R)|      SLOW  |clk_BUFGP         |   0.000|
data_in_2<95>  |    0.709(R)|      FAST  |    1.431(R)|      SLOW  |clk_BUFGP         |   0.000|
data_in_2<96>  |    0.132(R)|      FAST  |    2.009(R)|      SLOW  |clk_BUFGP         |   0.000|
data_in_2<97>  |    0.299(R)|      FAST  |    2.119(R)|      SLOW  |clk_BUFGP         |   0.000|
data_in_2<98>  |    0.435(R)|      FAST  |    2.015(R)|      SLOW  |clk_BUFGP         |   0.000|
data_in_2<99>  |    0.457(R)|      FAST  |    1.521(R)|      SLOW  |clk_BUFGP         |   0.000|
data_in_2<100> |    0.103(R)|      FAST  |    2.077(R)|      SLOW  |clk_BUFGP         |   0.000|
data_in_2<101> |    0.418(R)|      FAST  |    2.200(R)|      SLOW  |clk_BUFGP         |   0.000|
data_in_2<102> |    0.450(R)|      FAST  |    2.066(R)|      SLOW  |clk_BUFGP         |   0.000|
data_in_2<103> |    0.367(R)|      FAST  |    1.934(R)|      SLOW  |clk_BUFGP         |   0.000|
data_in_2<104> |    0.330(R)|      FAST  |    1.867(R)|      SLOW  |clk_BUFGP         |   0.000|
data_in_2<105> |    0.394(R)|      FAST  |    1.894(R)|      SLOW  |clk_BUFGP         |   0.000|
data_in_2<106> |    0.260(R)|      FAST  |    1.958(R)|      SLOW  |clk_BUFGP         |   0.000|
data_in_2<107> |    0.433(R)|      FAST  |    1.730(R)|      SLOW  |clk_BUFGP         |   0.000|
data_in_2<108> |    0.141(R)|      FAST  |    2.101(R)|      SLOW  |clk_BUFGP         |   0.000|
data_in_2<109> |    0.407(R)|      FAST  |    1.778(R)|      SLOW  |clk_BUFGP         |   0.000|
data_in_2<110> |    0.359(R)|      FAST  |    1.992(R)|      SLOW  |clk_BUFGP         |   0.000|
data_in_2<111> |    0.054(R)|      FAST  |    2.155(R)|      SLOW  |clk_BUFGP         |   0.000|
data_in_2<112> |    0.050(R)|      FAST  |    2.157(R)|      SLOW  |clk_BUFGP         |   0.000|
data_in_2<113> |    0.062(R)|      FAST  |    2.343(R)|      SLOW  |clk_BUFGP         |   0.000|
data_in_2<114> |    0.143(R)|      FAST  |    2.309(R)|      SLOW  |clk_BUFGP         |   0.000|
data_in_2<115> |    0.227(R)|      FAST  |    2.335(R)|      SLOW  |clk_BUFGP         |   0.000|
data_in_2<116> |   -0.044(R)|      FAST  |    2.372(R)|      SLOW  |clk_BUFGP         |   0.000|
data_in_2<117> |    0.117(R)|      FAST  |    2.416(R)|      SLOW  |clk_BUFGP         |   0.000|
data_in_2<118> |    0.204(R)|      FAST  |    2.302(R)|      SLOW  |clk_BUFGP         |   0.000|
data_in_2<119> |    0.113(R)|      FAST  |    2.358(R)|      SLOW  |clk_BUFGP         |   0.000|
data_in_2<120> |    0.102(R)|      FAST  |    2.289(R)|      SLOW  |clk_BUFGP         |   0.000|
data_in_2<121> |    0.086(R)|      FAST  |    2.416(R)|      SLOW  |clk_BUFGP         |   0.000|
data_in_2<122> |    0.272(R)|      FAST  |    2.226(R)|      SLOW  |clk_BUFGP         |   0.000|
data_in_2<123> |    0.316(R)|      FAST  |    2.302(R)|      SLOW  |clk_BUFGP         |   0.000|
data_in_2<124> |    0.196(R)|      FAST  |    2.406(R)|      SLOW  |clk_BUFGP         |   0.000|
data_in_2<125> |    0.110(R)|      FAST  |    2.083(R)|      SLOW  |clk_BUFGP         |   0.000|
data_in_2<126> |    0.110(R)|      FAST  |    2.276(R)|      SLOW  |clk_BUFGP         |   0.000|
data_in_2<127> |    0.132(R)|      FAST  |    2.333(R)|      SLOW  |clk_BUFGP         |   0.000|
data_in_2<128> |    0.212(R)|      FAST  |    2.435(R)|      SLOW  |clk_BUFGP         |   0.000|
data_in_2<129> |    0.367(R)|      FAST  |    2.110(R)|      SLOW  |clk_BUFGP         |   0.000|
data_in_2<130> |   -0.299(R)|      FAST  |    1.816(R)|      SLOW  |clk_BUFGP         |   0.000|
data_in_2<131> |   -0.200(R)|      FAST  |    1.657(R)|      SLOW  |clk_BUFGP         |   0.000|
data_in_2<132> |    0.288(R)|      FAST  |    2.067(R)|      SLOW  |clk_BUFGP         |   0.000|
data_in_2<133> |   -0.267(R)|      FAST  |    1.826(R)|      SLOW  |clk_BUFGP         |   0.000|
data_in_2<134> |    0.275(R)|      FAST  |    2.421(R)|      SLOW  |clk_BUFGP         |   0.000|
data_in_2<135> |    0.139(R)|      FAST  |    2.542(R)|      SLOW  |clk_BUFGP         |   0.000|
reg_datain_flag|    2.480(R)|      SLOW  |    2.089(R)|      SLOW  |clk_BUFGP         |   0.000|
rst_n          |    0.783(R)|      FAST  |    1.252(R)|      SLOW  |clk_BUFGP         |   0.000|
---------------+------------+------------+------------+------------+------------------+--------+

Clock clk to Pad
---------------+-----------------+------------+-----------------+------------+------------------+--------+
               |Max (slowest) clk|  Process   |Min (fastest) clk|  Process   |                  | Clock  |
Destination    |  (edge) to PAD  |   Corner   |  (edge) to PAD  |   Corner   |Internal Clock(s) | Phase  |
---------------+-----------------+------------+-----------------+------------+------------------+--------+
data_out_2<0>  |         8.738(R)|      SLOW  |         4.045(R)|      FAST  |clk_BUFGP         |   0.000|
data_out_2<1>  |         8.748(R)|      SLOW  |         4.052(R)|      FAST  |clk_BUFGP         |   0.000|
data_out_2<2>  |         8.540(R)|      SLOW  |         3.944(R)|      FAST  |clk_BUFGP         |   0.000|
data_out_2<3>  |         9.461(R)|      SLOW  |         4.653(R)|      FAST  |clk_BUFGP         |   0.000|
data_out_2<4>  |         9.140(R)|      SLOW  |         4.269(R)|      FAST  |clk_BUFGP         |   0.000|
data_out_2<5>  |         8.964(R)|      SLOW  |         4.177(R)|      FAST  |clk_BUFGP         |   0.000|
data_out_2<6>  |         9.280(R)|      SLOW  |         4.600(R)|      FAST  |clk_BUFGP         |   0.000|
data_out_2<7>  |         9.369(R)|      SLOW  |         4.536(R)|      FAST  |clk_BUFGP         |   0.000|
data_out_2<8>  |         8.858(R)|      SLOW  |         4.104(R)|      FAST  |clk_BUFGP         |   0.000|
data_out_2<9>  |         8.854(R)|      SLOW  |         4.113(R)|      FAST  |clk_BUFGP         |   0.000|
data_out_2<10> |         8.512(R)|      SLOW  |         3.918(R)|      FAST  |clk_BUFGP         |   0.000|
data_out_2<11> |         8.829(R)|      SLOW  |         4.073(R)|      FAST  |clk_BUFGP         |   0.000|
data_out_2<12> |         9.636(R)|      SLOW  |         4.715(R)|      FAST  |clk_BUFGP         |   0.000|
data_out_2<13> |         9.621(R)|      SLOW  |         4.698(R)|      FAST  |clk_BUFGP         |   0.000|
data_out_2<14> |         8.951(R)|      SLOW  |         4.130(R)|      FAST  |clk_BUFGP         |   0.000|
data_out_2<15> |         8.932(R)|      SLOW  |         4.128(R)|      FAST  |clk_BUFGP         |   0.000|
data_out_2<16> |         8.933(R)|      SLOW  |         4.166(R)|      FAST  |clk_BUFGP         |   0.000|
data_out_2<17> |         9.195(R)|      SLOW  |         4.331(R)|      FAST  |clk_BUFGP         |   0.000|
data_out_2<18> |         9.303(R)|      SLOW  |         4.523(R)|      FAST  |clk_BUFGP         |   0.000|
data_out_2<19> |         8.940(R)|      SLOW  |         4.135(R)|      FAST  |clk_BUFGP         |   0.000|
data_out_2<20> |         9.262(R)|      SLOW  |         4.387(R)|      FAST  |clk_BUFGP         |   0.000|
data_out_2<21> |         9.107(R)|      SLOW  |         4.236(R)|      FAST  |clk_BUFGP         |   0.000|
data_out_2<22> |         8.899(R)|      SLOW  |         4.103(R)|      FAST  |clk_BUFGP         |   0.000|
data_out_2<23> |         8.977(R)|      SLOW  |         4.148(R)|      FAST  |clk_BUFGP         |   0.000|
data_out_2<24> |         9.145(R)|      SLOW  |         4.258(R)|      FAST  |clk_BUFGP         |   0.000|
data_out_2<25> |         9.805(R)|      SLOW  |         4.782(R)|      FAST  |clk_BUFGP         |   0.000|
data_out_2<26> |         9.640(R)|      SLOW  |         4.699(R)|      FAST  |clk_BUFGP         |   0.000|
data_out_2<27> |         9.155(R)|      SLOW  |         4.249(R)|      FAST  |clk_BUFGP         |   0.000|
data_out_2<28> |         9.667(R)|      SLOW  |         4.724(R)|      FAST  |clk_BUFGP         |   0.000|
data_out_2<29> |         9.508(R)|      SLOW  |         4.447(R)|      FAST  |clk_BUFGP         |   0.000|
data_out_2<30> |         9.083(R)|      SLOW  |         4.190(R)|      FAST  |clk_BUFGP         |   0.000|
data_out_2<31> |         9.468(R)|      SLOW  |         4.581(R)|      FAST  |clk_BUFGP         |   0.000|
data_out_2<32> |         9.079(R)|      SLOW  |         4.179(R)|      FAST  |clk_BUFGP         |   0.000|
data_out_2<33> |         9.634(R)|      SLOW  |         4.620(R)|      FAST  |clk_BUFGP         |   0.000|
data_out_2<34> |         9.503(R)|      SLOW  |         4.591(R)|      FAST  |clk_BUFGP         |   0.000|
data_out_2<35> |         9.562(R)|      SLOW  |         4.646(R)|      FAST  |clk_BUFGP         |   0.000|
data_out_2<36> |         9.125(R)|      SLOW  |         4.226(R)|      FAST  |clk_BUFGP         |   0.000|
data_out_2<37> |         9.715(R)|      SLOW  |         4.747(R)|      FAST  |clk_BUFGP         |   0.000|
data_out_2<38> |         9.559(R)|      SLOW  |         4.561(R)|      FAST  |clk_BUFGP         |   0.000|
data_out_2<39> |         9.211(R)|      SLOW  |         4.279(R)|      FAST  |clk_BUFGP         |   0.000|
data_out_2<40> |         9.169(R)|      SLOW  |         4.263(R)|      FAST  |clk_BUFGP         |   0.000|
data_out_2<41> |         9.214(R)|      SLOW  |         4.284(R)|      FAST  |clk_BUFGP         |   0.000|
data_out_2<42> |         9.347(R)|      SLOW  |         4.365(R)|      FAST  |clk_BUFGP         |   0.000|
data_out_2<43> |         9.333(R)|      SLOW  |         4.353(R)|      FAST  |clk_BUFGP         |   0.000|
data_out_2<44> |         9.587(R)|      SLOW  |         4.623(R)|      FAST  |clk_BUFGP         |   0.000|
data_out_2<45> |         9.763(R)|      SLOW  |         4.786(R)|      FAST  |clk_BUFGP         |   0.000|
data_out_2<46> |         9.749(R)|      SLOW  |         4.797(R)|      FAST  |clk_BUFGP         |   0.000|
data_out_2<47> |         9.770(R)|      SLOW  |         4.752(R)|      FAST  |clk_BUFGP         |   0.000|
data_out_2<48> |         9.744(R)|      SLOW  |         4.754(R)|      FAST  |clk_BUFGP         |   0.000|
data_out_2<49> |         9.376(R)|      SLOW  |         4.380(R)|      FAST  |clk_BUFGP         |   0.000|
data_out_2<50> |         9.716(R)|      SLOW  |         4.709(R)|      FAST  |clk_BUFGP         |   0.000|
data_out_2<51> |         9.374(R)|      SLOW  |         4.366(R)|      FAST  |clk_BUFGP         |   0.000|
data_out_2<52> |         9.764(R)|      SLOW  |         4.786(R)|      FAST  |clk_BUFGP         |   0.000|
data_out_2<53> |         9.682(R)|      SLOW  |         4.631(R)|      FAST  |clk_BUFGP         |   0.000|
data_out_2<54> |         9.995(R)|      SLOW  |         4.928(R)|      FAST  |clk_BUFGP         |   0.000|
data_out_2<55> |         9.937(R)|      SLOW  |         4.905(R)|      FAST  |clk_BUFGP         |   0.000|
data_out_2<56> |        10.220(R)|      SLOW  |         5.148(R)|      FAST  |clk_BUFGP         |   0.000|
data_out_2<57> |         9.970(R)|      SLOW  |         4.854(R)|      FAST  |clk_BUFGP         |   0.000|
data_out_2<58> |         9.827(R)|      SLOW  |         4.812(R)|      FAST  |clk_BUFGP         |   0.000|
data_out_2<59> |         9.777(R)|      SLOW  |         4.769(R)|      FAST  |clk_BUFGP         |   0.000|
data_out_2<60> |        10.082(R)|      SLOW  |         4.970(R)|      FAST  |clk_BUFGP         |   0.000|
data_out_2<61> |        10.296(R)|      SLOW  |         5.064(R)|      FAST  |clk_BUFGP         |   0.000|
data_out_2<62> |         9.613(R)|      SLOW  |         4.484(R)|      FAST  |clk_BUFGP         |   0.000|
data_out_2<63> |         9.551(R)|      SLOW  |         4.452(R)|      FAST  |clk_BUFGP         |   0.000|
data_out_2<64> |         9.830(R)|      SLOW  |         4.783(R)|      FAST  |clk_BUFGP         |   0.000|
data_out_2<65> |        10.051(R)|      SLOW  |         4.884(R)|      FAST  |clk_BUFGP         |   0.000|
data_out_2<66> |         9.854(R)|      SLOW  |         4.800(R)|      FAST  |clk_BUFGP         |   0.000|
data_out_2<67> |         9.913(R)|      SLOW  |         4.891(R)|      FAST  |clk_BUFGP         |   0.000|
data_out_2<68> |        10.086(R)|      SLOW  |         4.959(R)|      FAST  |clk_BUFGP         |   0.000|
data_out_2<69> |         9.655(R)|      SLOW  |         4.502(R)|      FAST  |clk_BUFGP         |   0.000|
data_out_2<70> |         9.611(R)|      SLOW  |         4.474(R)|      FAST  |clk_BUFGP         |   0.000|
data_out_2<71> |        10.169(R)|      SLOW  |         5.011(R)|      FAST  |clk_BUFGP         |   0.000|
data_out_2<72> |         9.523(R)|      SLOW  |         4.418(R)|      FAST  |clk_BUFGP         |   0.000|
data_out_2<73> |         9.466(R)|      SLOW  |         4.315(R)|      FAST  |clk_BUFGP         |   0.000|
data_out_2<74> |         9.142(R)|      SLOW  |         4.226(R)|      FAST  |clk_BUFGP         |   0.000|
data_out_2<75> |         9.257(R)|      SLOW  |         4.299(R)|      FAST  |clk_BUFGP         |   0.000|
data_out_2<76> |         9.056(R)|      SLOW  |         4.178(R)|      FAST  |clk_BUFGP         |   0.000|
data_out_2<77> |         9.229(R)|      SLOW  |         4.268(R)|      FAST  |clk_BUFGP         |   0.000|
data_out_2<78> |         9.514(R)|      SLOW  |         4.391(R)|      FAST  |clk_BUFGP         |   0.000|
data_out_2<79> |         9.208(R)|      SLOW  |         4.275(R)|      FAST  |clk_BUFGP         |   0.000|
data_out_2<80> |         9.374(R)|      SLOW  |         4.340(R)|      FAST  |clk_BUFGP         |   0.000|
data_out_2<81> |         9.752(R)|      SLOW  |         4.492(R)|      FAST  |clk_BUFGP         |   0.000|
data_out_2<82> |         9.614(R)|      SLOW  |         4.419(R)|      FAST  |clk_BUFGP         |   0.000|
data_out_2<83> |         9.251(R)|      SLOW  |         4.300(R)|      FAST  |clk_BUFGP         |   0.000|
data_out_2<84> |         9.210(R)|      SLOW  |         4.251(R)|      FAST  |clk_BUFGP         |   0.000|
data_out_2<85> |         9.765(R)|      SLOW  |         4.502(R)|      FAST  |clk_BUFGP         |   0.000|
data_out_2<86> |         9.638(R)|      SLOW  |         4.432(R)|      FAST  |clk_BUFGP         |   0.000|
data_out_2<87> |         9.310(R)|      SLOW  |         4.312(R)|      FAST  |clk_BUFGP         |   0.000|
data_out_2<88> |         9.299(R)|      SLOW  |         4.302(R)|      FAST  |clk_BUFGP         |   0.000|
data_out_2<89> |         9.585(R)|      SLOW  |         4.391(R)|      FAST  |clk_BUFGP         |   0.000|
data_out_2<90> |         9.200(R)|      SLOW  |         4.267(R)|      FAST  |clk_BUFGP         |   0.000|
data_out_2<91> |         9.334(R)|      SLOW  |         4.332(R)|      FAST  |clk_BUFGP         |   0.000|
data_out_2<92> |         9.476(R)|      SLOW  |         4.408(R)|      FAST  |clk_BUFGP         |   0.000|
data_out_2<93> |         9.848(R)|      SLOW  |         4.548(R)|      FAST  |clk_BUFGP         |   0.000|
data_out_2<94> |         9.992(R)|      SLOW  |         4.638(R)|      FAST  |clk_BUFGP         |   0.000|
data_out_2<95> |         9.392(R)|      SLOW  |         4.372(R)|      FAST  |clk_BUFGP         |   0.000|
data_out_2<96> |         9.485(R)|      SLOW  |         4.415(R)|      FAST  |clk_BUFGP         |   0.000|
data_out_2<97> |        10.187(R)|      SLOW  |         4.943(R)|      FAST  |clk_BUFGP         |   0.000|
data_out_2<98> |         8.175(R)|      SLOW  |         3.709(R)|      FAST  |clk_BUFGP         |   0.000|
data_out_2<99> |         8.544(R)|      SLOW  |         3.957(R)|      FAST  |clk_BUFGP         |   0.000|
data_out_2<100>|         8.478(R)|      SLOW  |         3.910(R)|      FAST  |clk_BUFGP         |   0.000|
data_out_2<101>|         8.560(R)|      SLOW  |         3.932(R)|      FAST  |clk_BUFGP         |   0.000|
data_out_2<102>|         8.319(R)|      SLOW  |         3.810(R)|      FAST  |clk_BUFGP         |   0.000|
data_out_2<103>|         8.321(R)|      SLOW  |         3.783(R)|      FAST  |clk_BUFGP         |   0.000|
data_out_2<104>|         8.696(R)|      SLOW  |         4.039(R)|      FAST  |clk_BUFGP         |   0.000|
data_out_2<105>|         8.578(R)|      SLOW  |         3.952(R)|      FAST  |clk_BUFGP         |   0.000|
data_out_2<106>|         8.496(R)|      SLOW  |         3.899(R)|      FAST  |clk_BUFGP         |   0.000|
data_out_2<107>|         8.583(R)|      SLOW  |         3.944(R)|      FAST  |clk_BUFGP         |   0.000|
data_out_2<108>|         8.365(R)|      SLOW  |         3.825(R)|      FAST  |clk_BUFGP         |   0.000|
data_out_2<109>|         8.891(R)|      SLOW  |         4.144(R)|      FAST  |clk_BUFGP         |   0.000|
data_out_2<110>|         8.439(R)|      SLOW  |         3.866(R)|      FAST  |clk_BUFGP         |   0.000|
data_out_2<111>|         8.221(R)|      SLOW  |         3.750(R)|      FAST  |clk_BUFGP         |   0.000|
data_out_2<112>|         8.719(R)|      SLOW  |         4.026(R)|      FAST  |clk_BUFGP         |   0.000|
data_out_2<113>|         9.118(R)|      SLOW  |         4.199(R)|      FAST  |clk_BUFGP         |   0.000|
data_out_2<114>|         9.284(R)|      SLOW  |         4.310(R)|      FAST  |clk_BUFGP         |   0.000|
data_out_2<115>|         8.745(R)|      SLOW  |         4.043(R)|      FAST  |clk_BUFGP         |   0.000|
data_out_2<116>|         8.878(R)|      SLOW  |         4.103(R)|      FAST  |clk_BUFGP         |   0.000|
data_out_2<117>|         9.212(R)|      SLOW  |         4.279(R)|      FAST  |clk_BUFGP         |   0.000|
data_out_2<118>|         8.767(R)|      SLOW  |         4.036(R)|      FAST  |clk_BUFGP         |   0.000|
data_out_2<119>|         8.784(R)|      SLOW  |         4.056(R)|      FAST  |clk_BUFGP         |   0.000|
data_out_2<120>|         8.939(R)|      SLOW  |         4.132(R)|      FAST  |clk_BUFGP         |   0.000|
data_out_2<121>|         8.966(R)|      SLOW  |         4.116(R)|      FAST  |clk_BUFGP         |   0.000|
data_out_2<122>|         8.838(R)|      SLOW  |         4.040(R)|      FAST  |clk_BUFGP         |   0.000|
data_out_2<123>|         9.034(R)|      SLOW  |         4.167(R)|      FAST  |clk_BUFGP         |   0.000|
data_out_2<124>|         9.047(R)|      SLOW  |         4.164(R)|      FAST  |clk_BUFGP         |   0.000|
data_out_2<125>|         9.345(R)|      SLOW  |         4.280(R)|      FAST  |clk_BUFGP         |   0.000|
data_out_2<126>|         8.858(R)|      SLOW  |         4.058(R)|      FAST  |clk_BUFGP         |   0.000|
data_out_2<127>|         8.916(R)|      SLOW  |         4.080(R)|      FAST  |clk_BUFGP         |   0.000|
data_out_2<128>|         8.991(R)|      SLOW  |         4.120(R)|      FAST  |clk_BUFGP         |   0.000|
data_out_2<129>|         9.093(R)|      SLOW  |         4.180(R)|      FAST  |clk_BUFGP         |   0.000|
data_out_2<130>|         8.835(R)|      SLOW  |         4.043(R)|      FAST  |clk_BUFGP         |   0.000|
data_out_2<131>|         8.874(R)|      SLOW  |         4.072(R)|      FAST  |clk_BUFGP         |   0.000|
data_out_2<132>|         9.063(R)|      SLOW  |         4.158(R)|      FAST  |clk_BUFGP         |   0.000|
data_out_2<133>|         9.298(R)|      SLOW  |         4.240(R)|      FAST  |clk_BUFGP         |   0.000|
data_out_2<134>|         8.868(R)|      SLOW  |         4.058(R)|      FAST  |clk_BUFGP         |   0.000|
data_out_2<135>|         8.927(R)|      SLOW  |         4.112(R)|      FAST  |clk_BUFGP         |   0.000|
---------------+-----------------+------------+-----------------+------------+------------------+--------+

Clock to Setup on destination clock clk
---------------+---------+---------+---------+---------+
               | Src:Rise| Src:Fall| Src:Rise| Src:Fall|
Source Clock   |Dest:Rise|Dest:Rise|Dest:Fall|Dest:Fall|
---------------+---------+---------+---------+---------+
clk            |    1.390|         |         |         |
---------------+---------+---------+---------+---------+


Analysis completed Wed May 22 04:32:00 2024 
--------------------------------------------------------------------------------

Trace Settings:
-------------------------
Trace Settings 

Peak Memory Usage: 1122 MB



