--------------------------------------------------------------------------------
Release 14.7 Trace  (lin64)
Copyright (c) 1995-2013 Xilinx, Inc.  All rights reserved.

/opt/Xilinx/14.7/ISE_DS/ISE/bin/lin64/unwrapped/trce -intstyle ise -v 3 -s 2 -n
3 -fastpaths -xml fft.twx fft.ncd -o fft.twr fft.pcf

Design file:              fft.ncd
Physical constraint file: fft.pcf
Device,package,speed:     xc7vx330t,ffg1157,C,-2 (PRODUCTION 1.10 2013-10-13)
Report level:             verbose report

Environment Variable      Effect 
--------------------      ------ 
NONE                      No environment variables were set
--------------------------------------------------------------------------------

INFO:Timing:2698 - No timing constraints found, doing default enumeration.
INFO:Timing:3412 - To improve timing, see the Timing Closure User Guide (UG612).
INFO:Timing:2752 - To get complete path coverage, use the unconstrained paths 
   option. All paths that are not constrained will be reported in the 
   unconstrained paths section(s) of the report.
INFO:Timing:3339 - The clock-to-out numbers in this timing report are based on 
   a 50 Ohm transmission line loading model.  For the details of this model, 
   and for more information on accounting for different loading conditions, 
   please see the device datasheet.



Data Sheet report:
-----------------
All values displayed in nanoseconds (ns)

Setup/Hold to clock clk
------------+------------+------------+------------+------------+------------------+--------+
            |Max Setup to|  Process   |Max Hold to |  Process   |                  | Clock  |
Source      | clk (edge) |   Corner   | clk (edge) |   Corner   |Internal Clock(s) | Phase  |
------------+------------+------------+------------+------------+------------------+--------+
data_in<0>  |    2.293(R)|      SLOW  |    0.728(R)|      SLOW  |clk_BUFGP         |   0.000|
data_in<1>  |    1.442(R)|      FAST  |    1.071(R)|      SLOW  |clk_BUFGP         |   0.000|
data_in<2>  |    1.424(R)|      SLOW  |    0.783(R)|      SLOW  |clk_BUFGP         |   0.000|
data_in<3>  |    1.833(R)|      SLOW  |    0.764(R)|      SLOW  |clk_BUFGP         |   0.000|
data_in<4>  |    1.276(R)|      FAST  |    0.761(R)|      SLOW  |clk_BUFGP         |   0.000|
data_in<5>  |    1.645(R)|      SLOW  |    0.598(R)|      SLOW  |clk_BUFGP         |   0.000|
data_in<6>  |    2.097(R)|      SLOW  |    0.430(R)|      SLOW  |clk_BUFGP         |   0.000|
data_in<7>  |    1.903(R)|      SLOW  |    0.515(R)|      SLOW  |clk_BUFGP         |   0.000|
data_in<8>  |    2.917(R)|      SLOW  |    0.634(R)|      SLOW  |clk_BUFGP         |   0.000|
data_in<9>  |    2.854(R)|      SLOW  |    0.368(R)|      SLOW  |clk_BUFGP         |   0.000|
data_in<10> |    2.723(R)|      SLOW  |    0.475(R)|      SLOW  |clk_BUFGP         |   0.000|
data_in<11> |    3.031(R)|      SLOW  |    0.567(R)|      SLOW  |clk_BUFGP         |   0.000|
data_in<12> |    2.290(R)|      SLOW  |    0.350(R)|      SLOW  |clk_BUFGP         |   0.000|
data_in<13> |    2.217(R)|      SLOW  |    0.621(R)|      SLOW  |clk_BUFGP         |   0.000|
data_in<14> |    1.844(R)|      SLOW  |    0.582(R)|      SLOW  |clk_BUFGP         |   0.000|
data_in<15> |    2.296(R)|      SLOW  |    0.299(R)|      SLOW  |clk_BUFGP         |   0.000|
data_in<16> |    1.499(R)|      SLOW  |    0.730(R)|      SLOW  |clk_BUFGP         |   0.000|
data_in<17> |    1.767(R)|      SLOW  |    0.453(R)|      SLOW  |clk_BUFGP         |   0.000|
data_in<18> |    1.363(R)|      SLOW  |    0.442(R)|      SLOW  |clk_BUFGP         |   0.000|
data_in<19> |    1.207(R)|      FAST  |    0.864(R)|      SLOW  |clk_BUFGP         |   0.000|
data_in<20> |    1.265(R)|      FAST  |    0.592(R)|      SLOW  |clk_BUFGP         |   0.000|
data_in<21> |    2.273(R)|      SLOW  |    0.301(R)|      SLOW  |clk_BUFGP         |   0.000|
data_in<22> |    1.747(R)|      SLOW  |    0.499(R)|      SLOW  |clk_BUFGP         |   0.000|
data_in<23> |    1.984(R)|      SLOW  |    0.800(R)|      SLOW  |clk_BUFGP         |   0.000|
data_in<24> |    2.015(R)|      SLOW  |    0.261(R)|      SLOW  |clk_BUFGP         |   0.000|
data_in<25> |    2.749(R)|      SLOW  |   -0.127(R)|      FAST  |clk_BUFGP         |   0.000|
data_in<26> |    1.739(R)|      SLOW  |    0.322(R)|      SLOW  |clk_BUFGP         |   0.000|
data_in<27> |    3.599(R)|      SLOW  |    0.124(R)|      SLOW  |clk_BUFGP         |   0.000|
data_in<28> |    2.012(R)|      SLOW  |    0.545(R)|      SLOW  |clk_BUFGP         |   0.000|
data_in<29> |    2.505(R)|      SLOW  |    0.262(R)|      SLOW  |clk_BUFGP         |   0.000|
data_in<30> |    2.460(R)|      SLOW  |    0.313(R)|      SLOW  |clk_BUFGP         |   0.000|
data_in<31> |    2.959(R)|      SLOW  |   -0.146(R)|      SLOW  |clk_BUFGP         |   0.000|
data_in<32> |    1.923(R)|      SLOW  |    0.326(R)|      SLOW  |clk_BUFGP         |   0.000|
data_in<33> |    1.534(R)|      SLOW  |    0.410(R)|      SLOW  |clk_BUFGP         |   0.000|
rst_n       |    2.057(R)|      SLOW  |    1.473(R)|      SLOW  |clk_BUFGP         |   0.000|
------------+------------+------------+------------+------------+------------------+--------+

Clock clk to Pad
------------+-----------------+------------+-----------------+------------+------------------+--------+
            |Max (slowest) clk|  Process   |Min (fastest) clk|  Process   |                  | Clock  |
Destination |  (edge) to PAD  |   Corner   |  (edge) to PAD  |   Corner   |Internal Clock(s) | Phase  |
------------+-----------------+------------+-----------------+------------+------------------+--------+
data_out<0> |         8.469(R)|      SLOW  |         3.850(R)|      FAST  |clk_BUFGP         |   0.000|
data_out<1> |         8.574(R)|      SLOW  |         3.912(R)|      FAST  |clk_BUFGP         |   0.000|
data_out<2> |         8.659(R)|      SLOW  |         3.981(R)|      FAST  |clk_BUFGP         |   0.000|
data_out<3> |         9.181(R)|      SLOW  |         4.237(R)|      FAST  |clk_BUFGP         |   0.000|
data_out<4> |         9.023(R)|      SLOW  |         4.163(R)|      FAST  |clk_BUFGP         |   0.000|
data_out<5> |         9.398(R)|      SLOW  |         4.356(R)|      FAST  |clk_BUFGP         |   0.000|
data_out<6> |         9.001(R)|      SLOW  |         4.149(R)|      FAST  |clk_BUFGP         |   0.000|
data_out<7> |         9.328(R)|      SLOW  |         4.284(R)|      FAST  |clk_BUFGP         |   0.000|
data_out<8> |         9.545(R)|      SLOW  |         4.441(R)|      FAST  |clk_BUFGP         |   0.000|
data_out<9> |         9.066(R)|      SLOW  |         4.202(R)|      FAST  |clk_BUFGP         |   0.000|
data_out<10>|         9.386(R)|      SLOW  |         4.332(R)|      FAST  |clk_BUFGP         |   0.000|
data_out<11>|         9.576(R)|      SLOW  |         4.408(R)|      FAST  |clk_BUFGP         |   0.000|
data_out<12>|         9.329(R)|      SLOW  |         4.347(R)|      FAST  |clk_BUFGP         |   0.000|
data_out<13>|         9.205(R)|      SLOW  |         4.256(R)|      FAST  |clk_BUFGP         |   0.000|
data_out<14>|         9.517(R)|      SLOW  |         4.359(R)|      FAST  |clk_BUFGP         |   0.000|
data_out<15>|         9.241(R)|      SLOW  |         4.277(R)|      FAST  |clk_BUFGP         |   0.000|
data_out<16>|         9.304(R)|      SLOW  |         4.304(R)|      FAST  |clk_BUFGP         |   0.000|
data_out<17>|         9.241(R)|      SLOW  |         4.278(R)|      FAST  |clk_BUFGP         |   0.000|
data_out<18>|         9.238(R)|      SLOW  |         4.271(R)|      FAST  |clk_BUFGP         |   0.000|
data_out<19>|         9.631(R)|      SLOW  |         4.429(R)|      FAST  |clk_BUFGP         |   0.000|
data_out<20>|         9.522(R)|      SLOW  |         4.407(R)|      FAST  |clk_BUFGP         |   0.000|
data_out<21>|         9.131(R)|      SLOW  |         4.242(R)|      FAST  |clk_BUFGP         |   0.000|
data_out<22>|         9.240(R)|      SLOW  |         4.279(R)|      FAST  |clk_BUFGP         |   0.000|
data_out<23>|         9.655(R)|      SLOW  |         4.462(R)|      FAST  |clk_BUFGP         |   0.000|
data_out<24>|         9.702(R)|      SLOW  |         4.506(R)|      FAST  |clk_BUFGP         |   0.000|
data_out<25>|         9.304(R)|      SLOW  |         4.327(R)|      FAST  |clk_BUFGP         |   0.000|
data_out<26>|         9.246(R)|      SLOW  |         4.268(R)|      FAST  |clk_BUFGP         |   0.000|
data_out<27>|         9.449(R)|      SLOW  |         4.374(R)|      FAST  |clk_BUFGP         |   0.000|
data_out<28>|         9.359(R)|      SLOW  |         4.325(R)|      FAST  |clk_BUFGP         |   0.000|
data_out<29>|         9.673(R)|      SLOW  |         4.491(R)|      FAST  |clk_BUFGP         |   0.000|
data_out<30>|         9.609(R)|      SLOW  |         4.459(R)|      FAST  |clk_BUFGP         |   0.000|
data_out<31>|         9.186(R)|      SLOW  |         4.228(R)|      FAST  |clk_BUFGP         |   0.000|
data_out<32>|         9.674(R)|      SLOW  |         4.510(R)|      FAST  |clk_BUFGP         |   0.000|
data_out<33>|         9.928(R)|      SLOW  |         4.596(R)|      FAST  |clk_BUFGP         |   0.000|
------------+-----------------+------------+-----------------+------------+------------------+--------+

Clock to Setup on destination clock clk
---------------+---------+---------+---------+---------+
               | Src:Rise| Src:Fall| Src:Rise| Src:Fall|
Source Clock   |Dest:Rise|Dest:Rise|Dest:Fall|Dest:Fall|
---------------+---------+---------+---------+---------+
clk            |   12.058|         |         |         |
---------------+---------+---------+---------+---------+


Analysis completed Wed May 22 09:08:23 2024 
--------------------------------------------------------------------------------

Trace Settings:
-------------------------
Trace Settings 

Peak Memory Usage: 1209 MB



