--------------------------------------------------------------------------------
Release 14.7 Trace  (lin64)
Copyright (c) 1995-2013 Xilinx, Inc.  All rights reserved.

/opt/Xilinx/14.7/ISE_DS/ISE/bin/lin64/unwrapped/trce -intstyle ise -v 3 -s 2 -n
3 -fastpaths -xml multi16.twx multi16.ncd -o multi16.twr multi16.pcf

Design file:              multi16.ncd
Physical constraint file: multi16.pcf
Device,package,speed:     xc7vx330t,ffg1157,C,-2 (PRODUCTION 1.10 2013-10-13)
Report level:             verbose report

Environment Variable      Effect 
--------------------      ------ 
NONE                      No environment variables were set
--------------------------------------------------------------------------------

INFO:Timing:2698 - No timing constraints found, doing default enumeration.
INFO:Timing:3412 - To improve timing, see the Timing Closure User Guide (UG612).
INFO:Timing:2752 - To get complete path coverage, use the unconstrained paths 
   option. All paths that are not constrained will be reported in the 
   unconstrained paths section(s) of the report.
INFO:Timing:3339 - The clock-to-out numbers in this timing report are based on 
   a 50 Ohm transmission line loading model.  For the details of this model, 
   and for more information on accounting for different loading conditions, 
   please see the device datasheet.



Data Sheet report:
-----------------
All values displayed in nanoseconds (ns)

Setup/Hold to clock in_8bit<0>
------------+------------+------------+------------+------------+------------------+--------+
            |Max Setup to|  Process   |Max Hold to |  Process   |                  | Clock  |
Source      | clk (edge) |   Corner   | clk (edge) |   Corner   |Internal Clock(s) | Phase  |
------------+------------+------------+------------+------------+------------------+--------+
in_17bit<0> |   12.429(F)|      SLOW  |    1.648(F)|      SLOW  |_n0159            |   0.000|
in_17bit<1> |   12.878(F)|      SLOW  |    1.773(F)|      SLOW  |_n0159            |   0.000|
in_17bit<2> |   12.774(F)|      SLOW  |    1.835(F)|      SLOW  |_n0159            |   0.000|
in_17bit<3> |   13.002(F)|      SLOW  |    1.723(F)|      SLOW  |_n0159            |   0.000|
in_17bit<4> |   12.702(F)|      SLOW  |    1.896(F)|      SLOW  |_n0159            |   0.000|
in_17bit<5> |   12.721(F)|      SLOW  |    2.041(F)|      SLOW  |_n0159            |   0.000|
in_17bit<6> |   12.639(F)|      SLOW  |    2.091(F)|      SLOW  |_n0159            |   0.000|
in_17bit<7> |   12.608(F)|      SLOW  |    1.943(F)|      SLOW  |_n0159            |   0.000|
in_17bit<8> |   11.667(F)|      SLOW  |    2.339(F)|      SLOW  |_n0159            |   0.000|
in_17bit<9> |   10.168(F)|      SLOW  |    1.684(F)|      SLOW  |_n0159            |   0.000|
in_17bit<10>|    9.781(F)|      SLOW  |    1.569(F)|      SLOW  |_n0159            |   0.000|
in_17bit<11>|    9.485(F)|      SLOW  |    1.404(F)|      SLOW  |_n0159            |   0.000|
in_17bit<12>|    9.501(F)|      SLOW  |    1.458(F)|      SLOW  |_n0159            |   0.000|
in_17bit<13>|    8.937(F)|      SLOW  |    1.655(F)|      SLOW  |_n0159            |   0.000|
in_17bit<14>|    8.328(F)|      SLOW  |    1.153(F)|      SLOW  |_n0159            |   0.000|
in_17bit<15>|    6.711(F)|      SLOW  |    0.926(F)|      SLOW  |_n0159            |   0.000|
in_17bit<16>|   11.720(F)|      SLOW  |    2.337(F)|      SLOW  |_n0159            |   0.000|
------------+------------+------------+------------+------------+------------------+--------+

Setup/Hold to clock in_8bit<1>
------------+------------+------------+------------+------------+------------------+--------+
            |Max Setup to|  Process   |Max Hold to |  Process   |                  | Clock  |
Source      | clk (edge) |   Corner   | clk (edge) |   Corner   |Internal Clock(s) | Phase  |
------------+------------+------------+------------+------------+------------------+--------+
in_17bit<0> |   12.315(F)|      SLOW  |    1.611(F)|      SLOW  |_n0159            |   0.000|
in_17bit<1> |   12.764(F)|      SLOW  |    1.736(F)|      SLOW  |_n0159            |   0.000|
in_17bit<2> |   12.660(F)|      SLOW  |    1.798(F)|      SLOW  |_n0159            |   0.000|
in_17bit<3> |   12.888(F)|      SLOW  |    1.686(F)|      SLOW  |_n0159            |   0.000|
in_17bit<4> |   12.588(F)|      SLOW  |    1.859(F)|      SLOW  |_n0159            |   0.000|
in_17bit<5> |   12.607(F)|      SLOW  |    2.004(F)|      SLOW  |_n0159            |   0.000|
in_17bit<6> |   12.525(F)|      SLOW  |    2.054(F)|      SLOW  |_n0159            |   0.000|
in_17bit<7> |   12.494(F)|      SLOW  |    1.906(F)|      SLOW  |_n0159            |   0.000|
in_17bit<8> |   11.553(F)|      SLOW  |    2.302(F)|      SLOW  |_n0159            |   0.000|
in_17bit<9> |   10.054(F)|      SLOW  |    1.647(F)|      SLOW  |_n0159            |   0.000|
in_17bit<10>|    9.667(F)|      SLOW  |    1.532(F)|      SLOW  |_n0159            |   0.000|
in_17bit<11>|    9.371(F)|      SLOW  |    1.367(F)|      SLOW  |_n0159            |   0.000|
in_17bit<12>|    9.387(F)|      SLOW  |    1.421(F)|      SLOW  |_n0159            |   0.000|
in_17bit<13>|    8.823(F)|      SLOW  |    1.618(F)|      SLOW  |_n0159            |   0.000|
in_17bit<14>|    8.214(F)|      SLOW  |    1.116(F)|      SLOW  |_n0159            |   0.000|
in_17bit<15>|    6.597(F)|      SLOW  |    0.889(F)|      SLOW  |_n0159            |   0.000|
in_17bit<16>|   11.606(F)|      SLOW  |    2.300(F)|      SLOW  |_n0159            |   0.000|
------------+------------+------------+------------+------------+------------------+--------+

Setup/Hold to clock in_8bit<2>
------------+------------+------------+------------+------------+------------------+--------+
            |Max Setup to|  Process   |Max Hold to |  Process   |                  | Clock  |
Source      | clk (edge) |   Corner   | clk (edge) |   Corner   |Internal Clock(s) | Phase  |
------------+------------+------------+------------+------------+------------------+--------+
in_17bit<0> |   12.242(F)|      SLOW  |    1.736(F)|      SLOW  |_n0159            |   0.000|
in_17bit<1> |   12.691(F)|      SLOW  |    1.861(F)|      SLOW  |_n0159            |   0.000|
in_17bit<2> |   12.587(F)|      SLOW  |    1.923(F)|      SLOW  |_n0159            |   0.000|
in_17bit<3> |   12.815(F)|      SLOW  |    1.811(F)|      SLOW  |_n0159            |   0.000|
in_17bit<4> |   12.515(F)|      SLOW  |    1.984(F)|      SLOW  |_n0159            |   0.000|
in_17bit<5> |   12.534(F)|      SLOW  |    2.129(F)|      SLOW  |_n0159            |   0.000|
in_17bit<6> |   12.452(F)|      SLOW  |    2.179(F)|      SLOW  |_n0159            |   0.000|
in_17bit<7> |   12.421(F)|      SLOW  |    2.031(F)|      SLOW  |_n0159            |   0.000|
in_17bit<8> |   11.480(F)|      SLOW  |    2.427(F)|      SLOW  |_n0159            |   0.000|
in_17bit<9> |    9.981(F)|      SLOW  |    1.772(F)|      SLOW  |_n0159            |   0.000|
in_17bit<10>|    9.594(F)|      SLOW  |    1.657(F)|      SLOW  |_n0159            |   0.000|
in_17bit<11>|    9.298(F)|      SLOW  |    1.492(F)|      SLOW  |_n0159            |   0.000|
in_17bit<12>|    9.314(F)|      SLOW  |    1.546(F)|      SLOW  |_n0159            |   0.000|
in_17bit<13>|    8.750(F)|      SLOW  |    1.743(F)|      SLOW  |_n0159            |   0.000|
in_17bit<14>|    8.141(F)|      SLOW  |    1.241(F)|      SLOW  |_n0159            |   0.000|
in_17bit<15>|    6.524(F)|      SLOW  |    1.014(F)|      SLOW  |_n0159            |   0.000|
in_17bit<16>|   11.533(F)|      SLOW  |    2.425(F)|      SLOW  |_n0159            |   0.000|
------------+------------+------------+------------+------------+------------------+--------+

Setup/Hold to clock in_8bit<3>
------------+------------+------------+------------+------------+------------------+--------+
            |Max Setup to|  Process   |Max Hold to |  Process   |                  | Clock  |
Source      | clk (edge) |   Corner   | clk (edge) |   Corner   |Internal Clock(s) | Phase  |
------------+------------+------------+------------+------------+------------------+--------+
in_17bit<0> |   12.473(F)|      SLOW  |    1.472(F)|      SLOW  |_n0159            |   0.000|
in_17bit<1> |   12.922(F)|      SLOW  |    1.597(F)|      SLOW  |_n0159            |   0.000|
in_17bit<2> |   12.818(F)|      SLOW  |    1.659(F)|      SLOW  |_n0159            |   0.000|
in_17bit<3> |   13.046(F)|      SLOW  |    1.547(F)|      SLOW  |_n0159            |   0.000|
in_17bit<4> |   12.746(F)|      SLOW  |    1.720(F)|      SLOW  |_n0159            |   0.000|
in_17bit<5> |   12.765(F)|      SLOW  |    1.865(F)|      SLOW  |_n0159            |   0.000|
in_17bit<6> |   12.683(F)|      SLOW  |    1.915(F)|      SLOW  |_n0159            |   0.000|
in_17bit<7> |   12.652(F)|      SLOW  |    1.767(F)|      SLOW  |_n0159            |   0.000|
in_17bit<8> |   11.711(F)|      SLOW  |    2.163(F)|      SLOW  |_n0159            |   0.000|
in_17bit<9> |   10.212(F)|      SLOW  |    1.508(F)|      SLOW  |_n0159            |   0.000|
in_17bit<10>|    9.825(F)|      SLOW  |    1.393(F)|      SLOW  |_n0159            |   0.000|
in_17bit<11>|    9.529(F)|      SLOW  |    1.228(F)|      SLOW  |_n0159            |   0.000|
in_17bit<12>|    9.545(F)|      SLOW  |    1.282(F)|      SLOW  |_n0159            |   0.000|
in_17bit<13>|    8.981(F)|      SLOW  |    1.479(F)|      SLOW  |_n0159            |   0.000|
in_17bit<14>|    8.372(F)|      SLOW  |    0.977(F)|      SLOW  |_n0159            |   0.000|
in_17bit<15>|    6.755(F)|      SLOW  |    0.750(F)|      SLOW  |_n0159            |   0.000|
in_17bit<16>|   11.764(F)|      SLOW  |    2.161(F)|      SLOW  |_n0159            |   0.000|
------------+------------+------------+------------+------------+------------------+--------+

Setup/Hold to clock in_8bit<4>
------------+------------+------------+------------+------------+------------------+--------+
            |Max Setup to|  Process   |Max Hold to |  Process   |                  | Clock  |
Source      | clk (edge) |   Corner   | clk (edge) |   Corner   |Internal Clock(s) | Phase  |
------------+------------+------------+------------+------------+------------------+--------+
in_17bit<0> |   12.645(F)|      SLOW  |    1.468(F)|      SLOW  |_n0159            |   0.000|
in_17bit<1> |   13.094(F)|      SLOW  |    1.593(F)|      SLOW  |_n0159            |   0.000|
in_17bit<2> |   12.990(F)|      SLOW  |    1.655(F)|      SLOW  |_n0159            |   0.000|
in_17bit<3> |   13.218(F)|      SLOW  |    1.543(F)|      SLOW  |_n0159            |   0.000|
in_17bit<4> |   12.918(F)|      SLOW  |    1.716(F)|      SLOW  |_n0159            |   0.000|
in_17bit<5> |   12.937(F)|      SLOW  |    1.861(F)|      SLOW  |_n0159            |   0.000|
in_17bit<6> |   12.855(F)|      SLOW  |    1.911(F)|      SLOW  |_n0159            |   0.000|
in_17bit<7> |   12.824(F)|      SLOW  |    1.763(F)|      SLOW  |_n0159            |   0.000|
in_17bit<8> |   11.883(F)|      SLOW  |    2.159(F)|      SLOW  |_n0159            |   0.000|
in_17bit<9> |   10.384(F)|      SLOW  |    1.504(F)|      SLOW  |_n0159            |   0.000|
in_17bit<10>|    9.997(F)|      SLOW  |    1.389(F)|      SLOW  |_n0159            |   0.000|
in_17bit<11>|    9.701(F)|      SLOW  |    1.224(F)|      SLOW  |_n0159            |   0.000|
in_17bit<12>|    9.717(F)|      SLOW  |    1.278(F)|      SLOW  |_n0159            |   0.000|
in_17bit<13>|    9.153(F)|      SLOW  |    1.475(F)|      SLOW  |_n0159            |   0.000|
in_17bit<14>|    8.544(F)|      SLOW  |    0.973(F)|      SLOW  |_n0159            |   0.000|
in_17bit<15>|    6.927(F)|      SLOW  |    0.746(F)|      SLOW  |_n0159            |   0.000|
in_17bit<16>|   11.936(F)|      SLOW  |    2.157(F)|      SLOW  |_n0159            |   0.000|
------------+------------+------------+------------+------------+------------------+--------+

Setup/Hold to clock in_8bit<5>
------------+------------+------------+------------+------------+------------------+--------+
            |Max Setup to|  Process   |Max Hold to |  Process   |                  | Clock  |
Source      | clk (edge) |   Corner   | clk (edge) |   Corner   |Internal Clock(s) | Phase  |
------------+------------+------------+------------+------------+------------------+--------+
in_17bit<0> |   12.672(F)|      SLOW  |    1.573(F)|      SLOW  |_n0159            |   0.000|
in_17bit<1> |   13.121(F)|      SLOW  |    1.698(F)|      SLOW  |_n0159            |   0.000|
in_17bit<2> |   13.017(F)|      SLOW  |    1.760(F)|      SLOW  |_n0159            |   0.000|
in_17bit<3> |   13.245(F)|      SLOW  |    1.648(F)|      SLOW  |_n0159            |   0.000|
in_17bit<4> |   12.945(F)|      SLOW  |    1.821(F)|      SLOW  |_n0159            |   0.000|
in_17bit<5> |   12.964(F)|      SLOW  |    1.966(F)|      SLOW  |_n0159            |   0.000|
in_17bit<6> |   12.882(F)|      SLOW  |    2.016(F)|      SLOW  |_n0159            |   0.000|
in_17bit<7> |   12.851(F)|      SLOW  |    1.868(F)|      SLOW  |_n0159            |   0.000|
in_17bit<8> |   11.910(F)|      SLOW  |    2.264(F)|      SLOW  |_n0159            |   0.000|
in_17bit<9> |   10.411(F)|      SLOW  |    1.609(F)|      SLOW  |_n0159            |   0.000|
in_17bit<10>|   10.024(F)|      SLOW  |    1.494(F)|      SLOW  |_n0159            |   0.000|
in_17bit<11>|    9.728(F)|      SLOW  |    1.329(F)|      SLOW  |_n0159            |   0.000|
in_17bit<12>|    9.744(F)|      SLOW  |    1.383(F)|      SLOW  |_n0159            |   0.000|
in_17bit<13>|    9.180(F)|      SLOW  |    1.580(F)|      SLOW  |_n0159            |   0.000|
in_17bit<14>|    8.571(F)|      SLOW  |    1.078(F)|      SLOW  |_n0159            |   0.000|
in_17bit<15>|    6.954(F)|      SLOW  |    0.851(F)|      SLOW  |_n0159            |   0.000|
in_17bit<16>|   11.963(F)|      SLOW  |    2.262(F)|      SLOW  |_n0159            |   0.000|
------------+------------+------------+------------+------------+------------------+--------+

Setup/Hold to clock in_8bit<6>
------------+------------+------------+------------+------------+------------------+--------+
            |Max Setup to|  Process   |Max Hold to |  Process   |                  | Clock  |
Source      | clk (edge) |   Corner   | clk (edge) |   Corner   |Internal Clock(s) | Phase  |
------------+------------+------------+------------+------------+------------------+--------+
in_17bit<0> |   12.383(F)|      SLOW  |    1.303(F)|      SLOW  |_n0159            |   0.000|
in_17bit<1> |   12.832(F)|      SLOW  |    1.428(F)|      SLOW  |_n0159            |   0.000|
in_17bit<2> |   12.728(F)|      SLOW  |    1.490(F)|      SLOW  |_n0159            |   0.000|
in_17bit<3> |   12.956(F)|      SLOW  |    1.378(F)|      SLOW  |_n0159            |   0.000|
in_17bit<4> |   12.656(F)|      SLOW  |    1.551(F)|      SLOW  |_n0159            |   0.000|
in_17bit<5> |   12.675(F)|      SLOW  |    1.696(F)|      SLOW  |_n0159            |   0.000|
in_17bit<6> |   12.593(F)|      SLOW  |    1.746(F)|      SLOW  |_n0159            |   0.000|
in_17bit<7> |   12.562(F)|      SLOW  |    1.598(F)|      SLOW  |_n0159            |   0.000|
in_17bit<8> |   11.621(F)|      SLOW  |    1.994(F)|      SLOW  |_n0159            |   0.000|
in_17bit<9> |   10.122(F)|      SLOW  |    1.339(F)|      SLOW  |_n0159            |   0.000|
in_17bit<10>|    9.735(F)|      SLOW  |    1.224(F)|      SLOW  |_n0159            |   0.000|
in_17bit<11>|    9.439(F)|      SLOW  |    1.059(F)|      SLOW  |_n0159            |   0.000|
in_17bit<12>|    9.455(F)|      SLOW  |    1.113(F)|      SLOW  |_n0159            |   0.000|
in_17bit<13>|    8.891(F)|      SLOW  |    1.310(F)|      SLOW  |_n0159            |   0.000|
in_17bit<14>|    8.282(F)|      SLOW  |    0.808(F)|      SLOW  |_n0159            |   0.000|
in_17bit<15>|    6.665(F)|      SLOW  |    0.587(F)|      FAST  |_n0159            |   0.000|
in_17bit<16>|   11.674(F)|      SLOW  |    1.992(F)|      SLOW  |_n0159            |   0.000|
------------+------------+------------+------------+------------+------------------+--------+

Setup/Hold to clock in_8bit<7>
------------+------------+------------+------------+------------+------------------+--------+
            |Max Setup to|  Process   |Max Hold to |  Process   |                  | Clock  |
Source      | clk (edge) |   Corner   | clk (edge) |   Corner   |Internal Clock(s) | Phase  |
------------+------------+------------+------------+------------+------------------+--------+
in_17bit<0> |   11.689(F)|      SLOW  |    2.738(F)|      SLOW  |_n0159            |   0.000|
in_17bit<1> |   12.138(F)|      SLOW  |    2.863(F)|      SLOW  |_n0159            |   0.000|
in_17bit<2> |   12.034(F)|      SLOW  |    2.925(F)|      SLOW  |_n0159            |   0.000|
in_17bit<3> |   12.262(F)|      SLOW  |    2.813(F)|      SLOW  |_n0159            |   0.000|
in_17bit<4> |   11.962(F)|      SLOW  |    2.986(F)|      SLOW  |_n0159            |   0.000|
in_17bit<5> |   11.981(F)|      SLOW  |    3.131(F)|      SLOW  |_n0159            |   0.000|
in_17bit<6> |   11.899(F)|      SLOW  |    3.181(F)|      SLOW  |_n0159            |   0.000|
in_17bit<7> |   11.868(F)|      SLOW  |    3.033(F)|      SLOW  |_n0159            |   0.000|
in_17bit<8> |   10.927(F)|      SLOW  |    3.429(F)|      SLOW  |_n0159            |   0.000|
in_17bit<9> |    9.428(F)|      SLOW  |    2.774(F)|      SLOW  |_n0159            |   0.000|
in_17bit<10>|    9.041(F)|      SLOW  |    2.659(F)|      SLOW  |_n0159            |   0.000|
in_17bit<11>|    8.745(F)|      SLOW  |    2.494(F)|      SLOW  |_n0159            |   0.000|
in_17bit<12>|    8.761(F)|      SLOW  |    2.548(F)|      SLOW  |_n0159            |   0.000|
in_17bit<13>|    8.197(F)|      SLOW  |    2.745(F)|      SLOW  |_n0159            |   0.000|
in_17bit<14>|    7.588(F)|      SLOW  |    2.243(F)|      SLOW  |_n0159            |   0.000|
in_17bit<15>|    5.971(F)|      SLOW  |    2.016(F)|      SLOW  |_n0159            |   0.000|
in_17bit<16>|   10.980(F)|      SLOW  |    3.427(F)|      SLOW  |_n0159            |   0.000|
------------+------------+------------+------------+------------+------------------+--------+

Clock in_8bit<0> to Pad
------------+-----------------+------------+-----------------+------------+------------------+--------+
            |Max (slowest) clk|  Process   |Min (fastest) clk|  Process   |                  | Clock  |
Destination |  (edge) to PAD  |   Corner   |  (edge) to PAD  |   Corner   |Internal Clock(s) | Phase  |
------------+-----------------+------------+-----------------+------------+------------------+--------+
out<0>      |         7.906(F)|      SLOW  |         3.529(F)|      FAST  |_n0159            |   0.000|
out<1>      |         8.055(F)|      SLOW  |         3.539(F)|      FAST  |_n0159            |   0.000|
out<2>      |         8.595(F)|      SLOW  |         3.645(F)|      FAST  |_n0159            |   0.000|
out<3>      |         8.938(F)|      SLOW  |         3.493(F)|      FAST  |_n0159            |   0.000|
out<4>      |         8.931(F)|      SLOW  |         3.514(F)|      FAST  |_n0159            |   0.000|
out<5>      |         9.059(F)|      SLOW  |         3.567(F)|      FAST  |_n0159            |   0.000|
out<6>      |         9.593(F)|      SLOW  |         4.113(F)|      FAST  |_n0159            |   0.000|
out<7>      |         8.856(F)|      SLOW  |         3.464(F)|      FAST  |_n0159            |   0.000|
out<8>      |         9.063(F)|      SLOW  |         3.537(F)|      FAST  |_n0159            |   0.000|
out<9>      |         8.957(F)|      SLOW  |         3.454(F)|      FAST  |_n0159            |   0.000|
out<10>     |         9.636(F)|      SLOW  |         4.012(F)|      FAST  |_n0159            |   0.000|
out<11>     |         9.119(F)|      SLOW  |         3.538(F)|      FAST  |_n0159            |   0.000|
out<12>     |         9.291(F)|      SLOW  |         3.659(F)|      FAST  |_n0159            |   0.000|
out<13>     |         9.294(F)|      SLOW  |         3.650(F)|      FAST  |_n0159            |   0.000|
out<14>     |         9.767(F)|      SLOW  |         4.152(F)|      FAST  |_n0159            |   0.000|
out<15>     |         9.840(F)|      SLOW  |         4.213(F)|      FAST  |_n0159            |   0.000|
out<16>     |         9.480(F)|      SLOW  |         3.756(F)|      FAST  |_n0159            |   0.000|
------------+-----------------+------------+-----------------+------------+------------------+--------+

Clock in_8bit<1> to Pad
------------+-----------------+------------+-----------------+------------+------------------+--------+
            |Max (slowest) clk|  Process   |Min (fastest) clk|  Process   |                  | Clock  |
Destination |  (edge) to PAD  |   Corner   |  (edge) to PAD  |   Corner   |Internal Clock(s) | Phase  |
------------+-----------------+------------+-----------------+------------+------------------+--------+
out<0>      |         7.869(F)|      SLOW  |         3.579(F)|      FAST  |_n0159            |   0.000|
out<1>      |         8.018(F)|      SLOW  |         3.589(F)|      FAST  |_n0159            |   0.000|
out<2>      |         8.558(F)|      SLOW  |         3.695(F)|      FAST  |_n0159            |   0.000|
out<3>      |         8.901(F)|      SLOW  |         3.543(F)|      FAST  |_n0159            |   0.000|
out<4>      |         8.894(F)|      SLOW  |         3.564(F)|      FAST  |_n0159            |   0.000|
out<5>      |         9.022(F)|      SLOW  |         3.617(F)|      FAST  |_n0159            |   0.000|
out<6>      |         9.556(F)|      SLOW  |         4.163(F)|      FAST  |_n0159            |   0.000|
out<7>      |         8.819(F)|      SLOW  |         3.514(F)|      FAST  |_n0159            |   0.000|
out<8>      |         9.026(F)|      SLOW  |         3.587(F)|      FAST  |_n0159            |   0.000|
out<9>      |         8.920(F)|      SLOW  |         3.504(F)|      FAST  |_n0159            |   0.000|
out<10>     |         9.599(F)|      SLOW  |         4.062(F)|      FAST  |_n0159            |   0.000|
out<11>     |         9.082(F)|      SLOW  |         3.588(F)|      FAST  |_n0159            |   0.000|
out<12>     |         9.254(F)|      SLOW  |         3.709(F)|      FAST  |_n0159            |   0.000|
out<13>     |         9.257(F)|      SLOW  |         3.700(F)|      FAST  |_n0159            |   0.000|
out<14>     |         9.730(F)|      SLOW  |         4.202(F)|      FAST  |_n0159            |   0.000|
out<15>     |         9.803(F)|      SLOW  |         4.263(F)|      FAST  |_n0159            |   0.000|
out<16>     |         9.443(F)|      SLOW  |         3.806(F)|      FAST  |_n0159            |   0.000|
------------+-----------------+------------+-----------------+------------+------------------+--------+

Clock in_8bit<2> to Pad
------------+-----------------+------------+-----------------+------------+------------------+--------+
            |Max (slowest) clk|  Process   |Min (fastest) clk|  Process   |                  | Clock  |
Destination |  (edge) to PAD  |   Corner   |  (edge) to PAD  |   Corner   |Internal Clock(s) | Phase  |
------------+-----------------+------------+-----------------+------------+------------------+--------+
out<0>      |         7.994(F)|      SLOW  |         3.651(F)|      FAST  |_n0159            |   0.000|
out<1>      |         8.143(F)|      SLOW  |         3.661(F)|      FAST  |_n0159            |   0.000|
out<2>      |         8.683(F)|      SLOW  |         3.767(F)|      FAST  |_n0159            |   0.000|
out<3>      |         9.026(F)|      SLOW  |         3.615(F)|      FAST  |_n0159            |   0.000|
out<4>      |         9.019(F)|      SLOW  |         3.636(F)|      FAST  |_n0159            |   0.000|
out<5>      |         9.147(F)|      SLOW  |         3.689(F)|      FAST  |_n0159            |   0.000|
out<6>      |         9.681(F)|      SLOW  |         4.235(F)|      FAST  |_n0159            |   0.000|
out<7>      |         8.944(F)|      SLOW  |         3.586(F)|      FAST  |_n0159            |   0.000|
out<8>      |         9.151(F)|      SLOW  |         3.659(F)|      FAST  |_n0159            |   0.000|
out<9>      |         9.045(F)|      SLOW  |         3.576(F)|      FAST  |_n0159            |   0.000|
out<10>     |         9.724(F)|      SLOW  |         4.134(F)|      FAST  |_n0159            |   0.000|
out<11>     |         9.207(F)|      SLOW  |         3.660(F)|      FAST  |_n0159            |   0.000|
out<12>     |         9.379(F)|      SLOW  |         3.781(F)|      FAST  |_n0159            |   0.000|
out<13>     |         9.382(F)|      SLOW  |         3.772(F)|      FAST  |_n0159            |   0.000|
out<14>     |         9.855(F)|      SLOW  |         4.274(F)|      FAST  |_n0159            |   0.000|
out<15>     |         9.928(F)|      SLOW  |         4.335(F)|      FAST  |_n0159            |   0.000|
out<16>     |         9.568(F)|      SLOW  |         3.878(F)|      FAST  |_n0159            |   0.000|
------------+-----------------+------------+-----------------+------------+------------------+--------+

Clock in_8bit<3> to Pad
------------+-----------------+------------+-----------------+------------+------------------+--------+
            |Max (slowest) clk|  Process   |Min (fastest) clk|  Process   |                  | Clock  |
Destination |  (edge) to PAD  |   Corner   |  (edge) to PAD  |   Corner   |Internal Clock(s) | Phase  |
------------+-----------------+------------+-----------------+------------+------------------+--------+
out<0>      |         7.730(F)|      SLOW  |         3.481(F)|      FAST  |_n0159            |   0.000|
out<1>      |         7.879(F)|      SLOW  |         3.491(F)|      FAST  |_n0159            |   0.000|
out<2>      |         8.419(F)|      SLOW  |         3.597(F)|      FAST  |_n0159            |   0.000|
out<3>      |         8.762(F)|      SLOW  |         3.445(F)|      FAST  |_n0159            |   0.000|
out<4>      |         8.755(F)|      SLOW  |         3.466(F)|      FAST  |_n0159            |   0.000|
out<5>      |         8.883(F)|      SLOW  |         3.519(F)|      FAST  |_n0159            |   0.000|
out<6>      |         9.417(F)|      SLOW  |         4.065(F)|      FAST  |_n0159            |   0.000|
out<7>      |         8.680(F)|      SLOW  |         3.416(F)|      FAST  |_n0159            |   0.000|
out<8>      |         8.887(F)|      SLOW  |         3.489(F)|      FAST  |_n0159            |   0.000|
out<9>      |         8.781(F)|      SLOW  |         3.406(F)|      FAST  |_n0159            |   0.000|
out<10>     |         9.460(F)|      SLOW  |         3.964(F)|      FAST  |_n0159            |   0.000|
out<11>     |         8.943(F)|      SLOW  |         3.490(F)|      FAST  |_n0159            |   0.000|
out<12>     |         9.115(F)|      SLOW  |         3.611(F)|      FAST  |_n0159            |   0.000|
out<13>     |         9.118(F)|      SLOW  |         3.602(F)|      FAST  |_n0159            |   0.000|
out<14>     |         9.591(F)|      SLOW  |         4.104(F)|      FAST  |_n0159            |   0.000|
out<15>     |         9.664(F)|      SLOW  |         4.165(F)|      FAST  |_n0159            |   0.000|
out<16>     |         9.304(F)|      SLOW  |         3.708(F)|      FAST  |_n0159            |   0.000|
------------+-----------------+------------+-----------------+------------+------------------+--------+

Clock in_8bit<4> to Pad
------------+-----------------+------------+-----------------+------------+------------------+--------+
            |Max (slowest) clk|  Process   |Min (fastest) clk|  Process   |                  | Clock  |
Destination |  (edge) to PAD  |   Corner   |  (edge) to PAD  |   Corner   |Internal Clock(s) | Phase  |
------------+-----------------+------------+-----------------+------------+------------------+--------+
out<0>      |         7.726(F)|      SLOW  |         3.402(F)|      FAST  |_n0159            |   0.000|
out<1>      |         7.875(F)|      SLOW  |         3.412(F)|      FAST  |_n0159            |   0.000|
out<2>      |         8.415(F)|      SLOW  |         3.518(F)|      FAST  |_n0159            |   0.000|
out<3>      |         8.758(F)|      SLOW  |         3.366(F)|      FAST  |_n0159            |   0.000|
out<4>      |         8.751(F)|      SLOW  |         3.387(F)|      FAST  |_n0159            |   0.000|
out<5>      |         8.879(F)|      SLOW  |         3.440(F)|      FAST  |_n0159            |   0.000|
out<6>      |         9.413(F)|      SLOW  |         3.986(F)|      FAST  |_n0159            |   0.000|
out<7>      |         8.676(F)|      SLOW  |         3.337(F)|      FAST  |_n0159            |   0.000|
out<8>      |         8.883(F)|      SLOW  |         3.410(F)|      FAST  |_n0159            |   0.000|
out<9>      |         8.777(F)|      SLOW  |         3.327(F)|      FAST  |_n0159            |   0.000|
out<10>     |         9.456(F)|      SLOW  |         3.885(F)|      FAST  |_n0159            |   0.000|
out<11>     |         8.939(F)|      SLOW  |         3.411(F)|      FAST  |_n0159            |   0.000|
out<12>     |         9.111(F)|      SLOW  |         3.532(F)|      FAST  |_n0159            |   0.000|
out<13>     |         9.114(F)|      SLOW  |         3.523(F)|      FAST  |_n0159            |   0.000|
out<14>     |         9.587(F)|      SLOW  |         4.025(F)|      FAST  |_n0159            |   0.000|
out<15>     |         9.660(F)|      SLOW  |         4.086(F)|      FAST  |_n0159            |   0.000|
out<16>     |         9.300(F)|      SLOW  |         3.629(F)|      FAST  |_n0159            |   0.000|
------------+-----------------+------------+-----------------+------------+------------------+--------+

Clock in_8bit<5> to Pad
------------+-----------------+------------+-----------------+------------+------------------+--------+
            |Max (slowest) clk|  Process   |Min (fastest) clk|  Process   |                  | Clock  |
Destination |  (edge) to PAD  |   Corner   |  (edge) to PAD  |   Corner   |Internal Clock(s) | Phase  |
------------+-----------------+------------+-----------------+------------+------------------+--------+
out<0>      |         7.831(F)|      SLOW  |         3.365(F)|      FAST  |_n0159            |   0.000|
out<1>      |         7.980(F)|      SLOW  |         3.375(F)|      FAST  |_n0159            |   0.000|
out<2>      |         8.520(F)|      SLOW  |         3.481(F)|      FAST  |_n0159            |   0.000|
out<3>      |         8.863(F)|      SLOW  |         3.329(F)|      FAST  |_n0159            |   0.000|
out<4>      |         8.856(F)|      SLOW  |         3.350(F)|      FAST  |_n0159            |   0.000|
out<5>      |         8.984(F)|      SLOW  |         3.403(F)|      FAST  |_n0159            |   0.000|
out<6>      |         9.518(F)|      SLOW  |         3.949(F)|      FAST  |_n0159            |   0.000|
out<7>      |         8.781(F)|      SLOW  |         3.300(F)|      FAST  |_n0159            |   0.000|
out<8>      |         8.988(F)|      SLOW  |         3.373(F)|      FAST  |_n0159            |   0.000|
out<9>      |         8.882(F)|      SLOW  |         3.290(F)|      FAST  |_n0159            |   0.000|
out<10>     |         9.561(F)|      SLOW  |         3.848(F)|      FAST  |_n0159            |   0.000|
out<11>     |         9.044(F)|      SLOW  |         3.374(F)|      FAST  |_n0159            |   0.000|
out<12>     |         9.216(F)|      SLOW  |         3.495(F)|      FAST  |_n0159            |   0.000|
out<13>     |         9.219(F)|      SLOW  |         3.486(F)|      FAST  |_n0159            |   0.000|
out<14>     |         9.692(F)|      SLOW  |         3.988(F)|      FAST  |_n0159            |   0.000|
out<15>     |         9.765(F)|      SLOW  |         4.049(F)|      FAST  |_n0159            |   0.000|
out<16>     |         9.405(F)|      SLOW  |         3.592(F)|      FAST  |_n0159            |   0.000|
------------+-----------------+------------+-----------------+------------+------------------+--------+

Clock in_8bit<6> to Pad
------------+-----------------+------------+-----------------+------------+------------------+--------+
            |Max (slowest) clk|  Process   |Min (fastest) clk|  Process   |                  | Clock  |
Destination |  (edge) to PAD  |   Corner   |  (edge) to PAD  |   Corner   |Internal Clock(s) | Phase  |
------------+-----------------+------------+-----------------+------------+------------------+--------+
out<0>      |         7.561(F)|      SLOW  |         3.575(F)|      FAST  |_n0159            |   0.000|
out<1>      |         7.710(F)|      SLOW  |         3.585(F)|      FAST  |_n0159            |   0.000|
out<2>      |         8.250(F)|      SLOW  |         3.691(F)|      FAST  |_n0159            |   0.000|
out<3>      |         8.593(F)|      SLOW  |         3.539(F)|      FAST  |_n0159            |   0.000|
out<4>      |         8.586(F)|      SLOW  |         3.560(F)|      FAST  |_n0159            |   0.000|
out<5>      |         8.714(F)|      SLOW  |         3.613(F)|      FAST  |_n0159            |   0.000|
out<6>      |         9.248(F)|      SLOW  |         4.159(F)|      FAST  |_n0159            |   0.000|
out<7>      |         8.511(F)|      SLOW  |         3.510(F)|      FAST  |_n0159            |   0.000|
out<8>      |         8.718(F)|      SLOW  |         3.583(F)|      FAST  |_n0159            |   0.000|
out<9>      |         8.612(F)|      SLOW  |         3.500(F)|      FAST  |_n0159            |   0.000|
out<10>     |         9.291(F)|      SLOW  |         4.058(F)|      FAST  |_n0159            |   0.000|
out<11>     |         8.774(F)|      SLOW  |         3.584(F)|      FAST  |_n0159            |   0.000|
out<12>     |         8.946(F)|      SLOW  |         3.705(F)|      FAST  |_n0159            |   0.000|
out<13>     |         8.949(F)|      SLOW  |         3.696(F)|      FAST  |_n0159            |   0.000|
out<14>     |         9.422(F)|      SLOW  |         4.198(F)|      FAST  |_n0159            |   0.000|
out<15>     |         9.495(F)|      SLOW  |         4.259(F)|      FAST  |_n0159            |   0.000|
out<16>     |         9.135(F)|      SLOW  |         3.802(F)|      FAST  |_n0159            |   0.000|
------------+-----------------+------------+-----------------+------------+------------------+--------+

Clock in_8bit<7> to Pad
------------+-----------------+------------+-----------------+------------+------------------+--------+
            |Max (slowest) clk|  Process   |Min (fastest) clk|  Process   |                  | Clock  |
Destination |  (edge) to PAD  |   Corner   |  (edge) to PAD  |   Corner   |Internal Clock(s) | Phase  |
------------+-----------------+------------+-----------------+------------+------------------+--------+
out<0>      |         8.996(F)|      SLOW  |         4.022(F)|      FAST  |_n0159            |   0.000|
out<1>      |         9.145(F)|      SLOW  |         4.032(F)|      FAST  |_n0159            |   0.000|
out<2>      |         9.685(F)|      SLOW  |         4.138(F)|      FAST  |_n0159            |   0.000|
out<3>      |        10.028(F)|      SLOW  |         3.986(F)|      FAST  |_n0159            |   0.000|
out<4>      |        10.021(F)|      SLOW  |         4.007(F)|      FAST  |_n0159            |   0.000|
out<5>      |        10.149(F)|      SLOW  |         4.060(F)|      FAST  |_n0159            |   0.000|
out<6>      |        10.683(F)|      SLOW  |         4.606(F)|      FAST  |_n0159            |   0.000|
out<7>      |         9.946(F)|      SLOW  |         3.957(F)|      FAST  |_n0159            |   0.000|
out<8>      |        10.153(F)|      SLOW  |         4.030(F)|      FAST  |_n0159            |   0.000|
out<9>      |        10.047(F)|      SLOW  |         3.947(F)|      FAST  |_n0159            |   0.000|
out<10>     |        10.726(F)|      SLOW  |         4.505(F)|      FAST  |_n0159            |   0.000|
out<11>     |        10.209(F)|      SLOW  |         4.031(F)|      FAST  |_n0159            |   0.000|
out<12>     |        10.381(F)|      SLOW  |         4.152(F)|      FAST  |_n0159            |   0.000|
out<13>     |        10.384(F)|      SLOW  |         4.143(F)|      FAST  |_n0159            |   0.000|
out<14>     |        10.857(F)|      SLOW  |         4.645(F)|      FAST  |_n0159            |   0.000|
out<15>     |        10.930(F)|      SLOW  |         4.706(F)|      FAST  |_n0159            |   0.000|
out<16>     |        10.570(F)|      SLOW  |         4.249(F)|      FAST  |_n0159            |   0.000|
------------+-----------------+------------+-----------------+------------+------------------+--------+

Clock to Setup on destination clock in_8bit<0>
---------------+---------+---------+---------+---------+
               | Src:Rise| Src:Fall| Src:Rise| Src:Fall|
Source Clock   |Dest:Rise|Dest:Rise|Dest:Fall|Dest:Fall|
---------------+---------+---------+---------+---------+
in_8bit<0>     |         |         |    2.581|    2.581|
in_8bit<1>     |         |         |    2.571|    2.571|
in_8bit<2>     |         |         |    2.696|    2.696|
in_8bit<3>     |         |         |    2.432|    2.432|
in_8bit<4>     |         |         |    2.381|    2.381|
in_8bit<5>     |         |         |    2.533|    2.533|
in_8bit<6>     |         |         |    2.420|    2.420|
in_8bit<7>     |         |         |    3.651|    3.651|
---------------+---------+---------+---------+---------+

Clock to Setup on destination clock in_8bit<1>
---------------+---------+---------+---------+---------+
               | Src:Rise| Src:Fall| Src:Rise| Src:Fall|
Source Clock   |Dest:Rise|Dest:Rise|Dest:Fall|Dest:Fall|
---------------+---------+---------+---------+---------+
in_8bit<0>     |         |         |    2.467|    2.467|
in_8bit<1>     |         |         |    2.457|    2.457|
in_8bit<2>     |         |         |    2.582|    2.582|
in_8bit<3>     |         |         |    2.318|    2.318|
in_8bit<4>     |         |         |    2.267|    2.267|
in_8bit<5>     |         |         |    2.419|    2.419|
in_8bit<6>     |         |         |    2.306|    2.306|
in_8bit<7>     |         |         |    3.537|    3.537|
---------------+---------+---------+---------+---------+

Clock to Setup on destination clock in_8bit<2>
---------------+---------+---------+---------+---------+
               | Src:Rise| Src:Fall| Src:Rise| Src:Fall|
Source Clock   |Dest:Rise|Dest:Rise|Dest:Fall|Dest:Fall|
---------------+---------+---------+---------+---------+
in_8bit<0>     |         |         |    2.394|    2.394|
in_8bit<1>     |         |         |    2.384|    2.384|
in_8bit<2>     |         |         |    2.509|    2.509|
in_8bit<3>     |         |         |    2.245|    2.245|
in_8bit<4>     |         |         |    2.194|    2.194|
in_8bit<5>     |         |         |    2.346|    2.346|
in_8bit<6>     |         |         |    2.233|    2.233|
in_8bit<7>     |         |         |    3.464|    3.464|
---------------+---------+---------+---------+---------+

Clock to Setup on destination clock in_8bit<3>
---------------+---------+---------+---------+---------+
               | Src:Rise| Src:Fall| Src:Rise| Src:Fall|
Source Clock   |Dest:Rise|Dest:Rise|Dest:Fall|Dest:Fall|
---------------+---------+---------+---------+---------+
in_8bit<0>     |         |         |    2.625|    2.625|
in_8bit<1>     |         |         |    2.615|    2.615|
in_8bit<2>     |         |         |    2.740|    2.740|
in_8bit<3>     |         |         |    2.476|    2.476|
in_8bit<4>     |         |         |    2.425|    2.425|
in_8bit<5>     |         |         |    2.577|    2.577|
in_8bit<6>     |         |         |    2.464|    2.464|
in_8bit<7>     |         |         |    3.695|    3.695|
---------------+---------+---------+---------+---------+

Clock to Setup on destination clock in_8bit<4>
---------------+---------+---------+---------+---------+
               | Src:Rise| Src:Fall| Src:Rise| Src:Fall|
Source Clock   |Dest:Rise|Dest:Rise|Dest:Fall|Dest:Fall|
---------------+---------+---------+---------+---------+
in_8bit<0>     |         |         |    2.797|    2.797|
in_8bit<1>     |         |         |    2.787|    2.787|
in_8bit<2>     |         |         |    2.912|    2.912|
in_8bit<3>     |         |         |    2.648|    2.648|
in_8bit<4>     |         |         |    2.597|    2.597|
in_8bit<5>     |         |         |    2.749|    2.749|
in_8bit<6>     |         |         |    2.636|    2.636|
in_8bit<7>     |         |         |    3.867|    3.867|
---------------+---------+---------+---------+---------+

Clock to Setup on destination clock in_8bit<5>
---------------+---------+---------+---------+---------+
               | Src:Rise| Src:Fall| Src:Rise| Src:Fall|
Source Clock   |Dest:Rise|Dest:Rise|Dest:Fall|Dest:Fall|
---------------+---------+---------+---------+---------+
in_8bit<0>     |         |         |    2.824|    2.824|
in_8bit<1>     |         |         |    2.814|    2.814|
in_8bit<2>     |         |         |    2.939|    2.939|
in_8bit<3>     |         |         |    2.675|    2.675|
in_8bit<4>     |         |         |    2.624|    2.624|
in_8bit<5>     |         |         |    2.776|    2.776|
in_8bit<6>     |         |         |    2.663|    2.663|
in_8bit<7>     |         |         |    3.894|    3.894|
---------------+---------+---------+---------+---------+

Clock to Setup on destination clock in_8bit<6>
---------------+---------+---------+---------+---------+
               | Src:Rise| Src:Fall| Src:Rise| Src:Fall|
Source Clock   |Dest:Rise|Dest:Rise|Dest:Fall|Dest:Fall|
---------------+---------+---------+---------+---------+
in_8bit<0>     |         |         |    2.535|    2.535|
in_8bit<1>     |         |         |    2.525|    2.525|
in_8bit<2>     |         |         |    2.650|    2.650|
in_8bit<3>     |         |         |    2.386|    2.386|
in_8bit<4>     |         |         |    2.335|    2.335|
in_8bit<5>     |         |         |    2.487|    2.487|
in_8bit<6>     |         |         |    2.374|    2.374|
in_8bit<7>     |         |         |    3.605|    3.605|
---------------+---------+---------+---------+---------+

Clock to Setup on destination clock in_8bit<7>
---------------+---------+---------+---------+---------+
               | Src:Rise| Src:Fall| Src:Rise| Src:Fall|
Source Clock   |Dest:Rise|Dest:Rise|Dest:Fall|Dest:Fall|
---------------+---------+---------+---------+---------+
in_8bit<0>     |         |         |    1.841|    1.841|
in_8bit<1>     |         |         |    1.831|    1.831|
in_8bit<2>     |         |         |    1.956|    1.956|
in_8bit<3>     |         |         |    1.692|    1.692|
in_8bit<4>     |         |         |    1.641|    1.641|
in_8bit<5>     |         |         |    1.793|    1.793|
in_8bit<6>     |         |         |    1.680|    1.680|
in_8bit<7>     |         |         |    2.911|    2.911|
---------------+---------+---------+---------+---------+

Pad to Pad
---------------+---------------+---------+
Source Pad     |Destination Pad|  Delay  |
---------------+---------------+---------+
in_8bit<7>     |out<1>         |    4.993|
in_8bit<7>     |out<2>         |    5.169|
in_8bit<7>     |out<3>         |    5.254|
in_8bit<7>     |out<4>         |    5.256|
in_8bit<7>     |out<5>         |    5.384|
in_8bit<7>     |out<6>         |    5.918|
in_8bit<7>     |out<7>         |    5.181|
in_8bit<7>     |out<8>         |    5.393|
in_8bit<7>     |out<9>         |    5.326|
in_8bit<7>     |out<10>        |    6.125|
in_8bit<7>     |out<11>        |    5.600|
in_8bit<7>     |out<12>        |    5.823|
in_8bit<7>     |out<13>        |    5.826|
in_8bit<7>     |out<14>        |    6.299|
in_8bit<7>     |out<15>        |    6.372|
in_8bit<7>     |out<16>        |    6.012|
in_17bit<16>   |out<1>         |    5.397|
in_17bit<16>   |out<2>         |    5.609|
in_17bit<16>   |out<3>         |    5.693|
in_17bit<16>   |out<4>         |    5.686|
in_17bit<16>   |out<5>         |    5.814|
in_17bit<16>   |out<6>         |    6.348|
in_17bit<16>   |out<7>         |    5.611|
in_17bit<16>   |out<8>         |    5.818|
in_17bit<16>   |out<9>         |    5.712|
in_17bit<16>   |out<10>        |    6.391|
in_17bit<16>   |out<11>        |    5.874|
in_17bit<16>   |out<12>        |    6.046|
in_17bit<16>   |out<13>        |    6.049|
in_17bit<16>   |out<14>        |    6.522|
in_17bit<16>   |out<15>        |    6.595|
in_17bit<16>   |out<16>        |    6.235|
---------------+---------------+---------+


Analysis completed Tue May 21 15:24:39 2024 
--------------------------------------------------------------------------------

Trace Settings:
-------------------------
Trace Settings 

Peak Memory Usage: 1114 MB



